A51 MACRO ASSEMBLER  E1_1                                                                 08/04/2022 09:50:11 PAGE     1


MACRO ASSEMBLER A51 V8.2.5.0
OBJECT MODULE PLACED IN .\Objects\E1_1.obj
ASSEMBLER INVOKED BY: C:\Keil_v5\C51\BIN\A51.EXE E1_1.ASM SET(SMALL) DEBUG PRINT(.\Listings\E1_1.lst) OBJECT(.\Objects\E
                      1_1.obj) EP

LOC  OBJ            LINE     SOURCE

0000 7455              1     MOV A, #55H             ; USES AN IMMEDIATE DATA

0002 F8                2     MOV R0, A               ; COPY FROM THE ACCUMULATOR

0003 F9                3     MOV R1, A               ; COPY FROM THE ACCUMULATOR

0004 FA                4     MOV R2, A               ; COPY FROM THE ACCUMULATOR

0005 7B99              5     MOV R3, #99H    ; USES AND IMMEDIATE DATA AS WELL

0007 FB                6     MOV R3, A               ; COPY FROM THE ACCUMULATOR

                       7     END

A51 MACRO ASSEMBLER  E1_1                                                                 08/04/2022 09:50:11 PAGE     2

SYMBOL TABLE LISTING
------ ----- -------


N A M E             T Y P E  V A L U E   ATTRIBUTES



REGISTER BANK(S) USED: 0 


ASSEMBLY COMPLETE.  0 WARNING(S), 0 ERROR(S)
