A51 MACRO ASSEMBLER  E1_2                                                                 08/04/2022 10:03:39 PAGE     1


MACRO ASSEMBLER A51 V8.2.5.0
OBJECT MODULE PLACED IN .\Objects\E1_2.obj
ASSEMBLER INVOKED BY: C:\Keil_v5\C51\BIN\A51.EXE E1_2.ASM SET(SMALL) DEBUG PRINT(.\Listings\E1_2.lst) OBJECT(.\Objects\E
                      1_2.obj) EP

LOC  OBJ            LINE     SOURCE

0000 7D0A              1     MOV R5, #0AH    ; USES AN IMMEDIATE DATA

0002 7F1C              2     MOV R7, #28             ; USES AN IMMEDIATE DATA. BUT NOT HEXADECIMAL

0004 7400              3     MOV A, #00H             ; USES AN IMMEDIATE DATA AS WELL

0006 2D                4     ADD A, R5               ; ADD TO THE ACCUMULATOR

0007 2F                5     ADD A, R7               ; ADD TO THE ACCUMULATOR

                       6     END

A51 MACRO ASSEMBLER  E1_2                                                                 08/04/2022 10:03:39 PAGE     2

SYMBOL TABLE LISTING
------ ----- -------


N A M E             T Y P E  V A L U E   ATTRIBUTES



REGISTER BANK(S) USED: 0 


ASSEMBLY COMPLETE.  0 WARNING(S), 0 ERROR(S)
