A51 MACRO ASSEMBLER  E1_3                                                                 08/04/2022 10:27:53 PAGE     1


MACRO ASSEMBLER A51 V8.2.5.0
OBJECT MODULE PLACED IN .\Objects\E1_3.obj
ASSEMBLER INVOKED BY: C:\Keil_v5\C51\BIN\A51.EXE E1_3.ASM SET(SMALL) DEBUG PRINT(.\Listings\E1_3.lst) OBJECT(.\Objects\E
                      1_3.obj) EP

LOC  OBJ            LINE     SOURCE

5000                   1     ORG 5000H       

5000 1C                2     DATA1:  DB      28

5001 3A                3     DATA2:  DB      00111010B

5002 39                4     DATA3:  DB      39H

                       5     

0510                   6     ORG 510H

0510 32353931          7     DATA4:  DB      "2591"

                       8     

0518                   9     ORG 518H

0518 4D414E49         10     DATA6:  DB      "MANIPAL INSTITUTE"

051C 50414C20                
0520 494E5354                
0524 49545554                
0528 45                      
                      11     

                      12     END

A51 MACRO ASSEMBLER  E1_3                                                                 08/04/2022 10:27:53 PAGE     2

SYMBOL TABLE LISTING
------ ----- -------


N A M E             T Y P E  V A L U E   ATTRIBUTES

DATA1. . . . . . .  C ADDR   5000H   A   
DATA2. . . . . . .  C ADDR   5001H   A   
DATA3. . . . . . .  C ADDR   5002H   A   
DATA4. . . . . . .  C ADDR   0510H   A   
DATA6. . . . . . .  C ADDR   0518H   A   


REGISTER BANK(S) USED: 0 


ASSEMBLY COMPLETE.  0 WARNING(S), 0 ERROR(S)
