A51 MACRO ASSEMBLER  E2_1                                                                 08/11/2022 09:12:11 PAGE     1


MACRO ASSEMBLER A51 V8.2.5.0
OBJECT MODULE PLACED IN .\Objects\E2_1.obj
ASSEMBLER INVOKED BY: C:\Keil_v5\C51\BIN\A51.EXE E2_1.ASM SET(SMALL) DEBUG PRINT(.\Listings\E2_1.lst) OBJECT(.\Objects\E
                      2_1.obj) EP

LOC  OBJ            LINE     SOURCE

0000                   1     ORG 0000H

0000 0102              2     AJMP START

                       3     

0002 7850              4     START:  MOV R0, #50H

0004 7A06              5                     MOV R2, #06H

0006 E4                6                     CLR A

                       7     

0007 26                8     REPEAT: ADD A, @R0

0008 5001              9                     JNC NEXT

000A 0F               10                     INC R7

                      11     

000B 08               12     NEXT:   INC R0

000C DAF9             13                     DJNZ R2, REPEAT

                      14                     END

A51 MACRO ASSEMBLER  E2_1                                                                 08/11/2022 09:12:11 PAGE     2

SYMBOL TABLE LISTING
------ ----- -------


N A M E             T Y P E  V A L U E   ATTRIBUTES

NEXT . . . . . . .  C ADDR   000BH   A   
REPEAT . . . . . .  C ADDR   0007H   A   
START. . . . . . .  C ADDR   0002H   A   


REGISTER BANK(S) USED: 0 


ASSEMBLY COMPLETE.  0 WARNING(S), 0 ERROR(S)
