A51 MACRO ASSEMBLER  E2_E2                                                                08/11/2022 09:33:44 PAGE     1


MACRO ASSEMBLER A51 V8.2.5.0
OBJECT MODULE PLACED IN .\Objects\E2_E2.obj
ASSEMBLER INVOKED BY: C:\Keil_v5\C51\BIN\A51.EXE E2_E2.ASM SET(SMALL) DEBUG PRINT(.\Listings\E2_E2.lst) OBJECT(.\Objects
                      \E2_E2.obj) EP

LOC  OBJ            LINE     SOURCE

0000                   1     ORG 0000H                               ; ORIGINATE

0000 0102              2     AJMP START                              ; JUMP TO THE LABEL START

                       3     

0002 C3                4     START:  CLR C                   ; CLEAR CARRY

0003 745F              5                     MOV A, #5FH             ; MOVE DATA TO THE ACCUMULATOR

0005 24B4              6                     ADD A, #0B4H    ; ADD THE LOW BYTES IN ACCUMULATOR

0007 FE                7                     MOV R6, A               ; STORE THE SUM IN R6

0008 742E              8                     MOV A, #2EH             ; MOVE DATA TO THE ACCUMULATOR

000A 34A3              9                     ADDC A, #0A3H   ; ADD THE HIGH BYTES IN ACCUMULATOR

000C FF               10                     MOV R7, A               ; STORE THE SUM IN R7

                      11     

000D 80FE             12     HERE:   SJMP HERE

                      13                     END

A51 MACRO ASSEMBLER  E2_E2                                                                08/11/2022 09:33:44 PAGE     2

SYMBOL TABLE LISTING
------ ----- -------


N A M E             T Y P E  V A L U E   ATTRIBUTES

HERE . . . . . . .  C ADDR   000DH   A   
START. . . . . . .  C ADDR   0002H   A   


REGISTER BANK(S) USED: 0 


ASSEMBLY COMPLETE.  0 WARNING(S), 0 ERROR(S)
