A51 MACRO ASSEMBLER  E2_E3                                                                08/11/2022 10:27:55 PAGE     1


MACRO ASSEMBLER A51 V8.2.5.0
OBJECT MODULE PLACED IN .\Objects\E2_E3.obj
ASSEMBLER INVOKED BY: C:\Keil_v5\C51\BIN\A51.EXE E2_E3.ASM SET(SMALL) DEBUG PRINT(.\Listings\E2_E3.lst) OBJECT(.\Objects
                      \E2_E3.obj) EP

LOC  OBJ            LINE     SOURCE

0000                   1     ORG 0000H                                       ; ORIGINATE

0000 0102              2     AJMP START                                      ; JUMP TO THE LABEL START

                       3     

0002 901001            4     START:  MOV DPTR, #1001H        ; 

0005 E0                5                     MOVX A, @DPTR           ; READ FROM EXTERNAL MEMORY

0006 F5F0              6                     MOV 0F0H, A

0008 901000            7                     MOV DPTR, #1000H

000B E0                8                     MOVX A, @DPTR           ; READ FROM EXTERNAL MEMORY

000C A4                9                     MUL AB

000D 901002           10                     MOV DPTR, #1002H

0010 F0               11                     MOVX @DPTR, A           ; WRITE FROM EXTERNAL MEMORY

0011 A3               12                     INC DPTR

0012 E5F0             13                     MOV A, B

0014 F0               14                     MOVX @DPTR, A           ; WRITE FROM EXTERNAL MEMORY

                      15                     END

A51 MACRO ASSEMBLER  E2_E3                                                                08/11/2022 10:27:55 PAGE     2

SYMBOL TABLE LISTING
------ ----- -------


N A M E             T Y P E  V A L U E   ATTRIBUTES

B. . . . . . . . .  D ADDR   00F0H   A   
START. . . . . . .  C ADDR   0002H   A   


REGISTER BANK(S) USED: 0 


ASSEMBLY COMPLETE.  0 WARNING(S), 0 ERROR(S)
