A51 MACRO ASSEMBLER  E2_E5                                                                08/11/2022 11:18:05 PAGE     1


MACRO ASSEMBLER A51 V8.2.5.0
OBJECT MODULE PLACED IN .\Objects\E2_E5.obj
ASSEMBLER INVOKED BY: C:\Keil_v5\C51\BIN\A51.EXE E2_E5.ASM SET(SMALL) DEBUG PRINT(.\Listings\E2_E5.lst) OBJECT(.\Objects
                      \E2_E5.obj) EP

LOC  OBJ            LINE     SOURCE

0000                   1     ORG 0000H                               ; ORIGINATE

0000 0102              2     AJMP START                              ; JUMP TO THE LABEL START

                       3     

0002 7923              4     START:  MOV R1, #23H

0004 78AA              5                     MOV R0, #0AAH

0006 E8                6                     MOV A, R0

0007 59                7                     ANL A, R1

0008 F5A0              8                     MOV P2, A

                       9     

000A 80FE             10     HERE:   SJMP HERE

                      11                     END

A51 MACRO ASSEMBLER  E2_E5                                                                08/11/2022 11:18:05 PAGE     2

SYMBOL TABLE LISTING
------ ----- -------


N A M E             T Y P E  V A L U E   ATTRIBUTES

HERE . . . . . . .  C ADDR   000AH   A   
P2 . . . . . . . .  D ADDR   00A0H   A   
START. . . . . . .  C ADDR   0002H   A   


REGISTER BANK(S) USED: 0 


ASSEMBLY COMPLETE.  0 WARNING(S), 0 ERROR(S)
