A51 MACRO ASSEMBLER  E5_X1                                                                09/02/2022 16:37:38 PAGE     1


MACRO ASSEMBLER A51 V8.2.7.0
OBJECT MODULE PLACED IN .\Objects\E5_X1.obj
ASSEMBLER INVOKED BY: C:\Keil_v5\C51\BIN\A51.EXE E5_X1.ASM SET(SMALL) DEBUG PRINT(.\Listings\E5_X1.lst) OBJECT(.\Objects
                      \E5_X1.obj) EP

LOC  OBJ            LINE     SOURCE

                       1     ;  Convert an ASCII code available in external data memory location
                       2     ; into HEX equivalent and display in the Data field of the display.
                       3     
0000                   4     ORG 0000H                                       ; ORIGINATE
0000 0102              5     AJMP START                                      ; JUMP TO THE LABEL START
                       6     
0002                   7     START:
0002 905000            8             MOV DPTR, #5000H                ; DATA LOCATION
0005 E0                9             MOVX A, @DPTR                   ; GET THE DATA
                      10     
0006 C3               11             CLR C                                   ; CLEAR CARRY
0007 9430             12             SUBB A, #30H                    ; SUBTRACT (30H) INISTIALLY
0009 F9               13             MOV R1, A                               ; SAVE A COPY IN (R1)
                      14     
000A 940A             15             SUBB A, #0AH            ; CHECK FOR NUMBER OR ALPHA-NUMERIC CHARACTER
                      16     
000C E9               17             MOV A, R1                               ; GET THE STORED COPY
                      18             
                      19             ; IF NO CARRY ==> INPUT NUMBER IS < 3AH ==> [0-9]
000D 4003             20             JC DISP
                      21     
                      22     ; IF CARRY ==> INPUT NUMBER IS >= 3AH ==> [A-F]
000F                  23     ALPH:
000F C3               24             CLR C                                   ; CLEAR CARRY AGAIN
0010 9407             25             SUBB A, #07H                    ; SUBTRACT AN ADDITIONAL (07H)
                      26     
0012                  27     DISP:
0012 7860             28             MOV R0, #60H                    ; LOCATION OF THE DISPLAY FIELD
0014 F6               29             MOV @R0, A                              ; UPDATE THE DATA TO THE LOCATION TO BE DIS
                             PLAYED
                      30     
0015                  31     HERE:
0015 80FE             32             SJMP HERE                               ; LOGICAL END
                      33             END
A51 MACRO ASSEMBLER  E5_X1                                                                09/02/2022 16:37:38 PAGE     2

SYMBOL TABLE LISTING
------ ----- -------


N A M E             T Y P E  V A L U E   ATTRIBUTES

ALPH . . . . . . .  C ADDR   000FH   A   
DISP . . . . . . .  C ADDR   0012H   A   
HERE . . . . . . .  C ADDR   0015H   A   
START. . . . . . .  C ADDR   0002H   A   


REGISTER BANK(S) USED: 0 


ASSEMBLY COMPLETE.  0 WARNING(S), 0 ERROR(S)
